     1 00000000                                 ; haribote-ipl 加载程序
     2 00000000                                 ; TAB=4
     3 00000000                                 
     4  = 0000000A                              CYLS    EQU 10; 相等于#define cyls 10
     5                                                  ORG 0x7c00  ; 指明启动区的装载地址 可以为0x7c00-0x7dff之间
     6 00007C00                                 
     7 00007C00                                 
     8 00007C00                                 ; 以下代码用于描述FAT12格式软盘
     9 00007C00                                 
    10 00007C00 EB 4E                                   JMP entry
    11 00007C02 90                                      DB  0x90
    12 00007C03 48 41 52 49 42 4F 54 45                 DB  "HARIBOTE" ; 启动区的名称任意的字符串(8字节)
    13 00007C0B 0200                                    DW  512 ; 每个扇区的大小 固定512字节
    14 00007C0D 01                                      DB  1 ; 硬盘簇大小 固定1个扇区
    15 00007C0E 0001                                    DW  1 ; FAT 的起始位置 一般从第一扇区开始
    16 00007C10 02                                      DB  2 ; FAT的个数必须为2
    17 00007C11 00E0                                    DW  224 ; 根目录的大小 一般为225项
    18 00007C13 0B40                                    DW  2880 ; 磁盘大小 必须2880扇区
    19 00007C15 F0                                      DB  0xf0 ; 磁盘总类 固定0xf0
    20 00007C16 0009                                    DW  9 ; FAT长度
    21 00007C18 0012                                    DW  18 ; 1个磁道有几个扇区18
    22 00007C1A 0002                                    DW  2 ; 磁头数，必须2
    23 00007C1C 00000000                                DD  0 ; 不使用分区，必须0
    24 00007C20 00000B40                                DD  2880 ; 重写一次磁盘大小
    25 00007C24 00 00 29                                DB  0,0,0x29 ; 意义不明，固定
    26 00007C27 FFFFFFFF                                DD  0xffffffff ; 卷标号码
    27 00007C2B 48 41 52 49 42 4F 54 45 4F 53           DB  "HARIBOTEOS " ;磁盘名称 11字节
       00007C35 20 
    28 00007C36 46 41 54 31 32 20 20 20                 DB  "FAT12   " ; 磁盘格式名称 8字节
    29 00007C3E 00 00 00 00 00 00 00 00 00 00           RESB 18 ; 先空出18字节        
       00007C48 00 00 00 00 00 00 00 00 
    30 00007C50                                 
    31 00007C50                                 ; 程序主体
    32 00007C50                                 
    33 00007C50                                 entry:
    34 00007C50 B8 0000                                 MOV AX,0    ; 初始化寄存器
    35 00007C53 8E D0                                   MOV SS,AX
    36 00007C55 BC 7C00                                 MOV SP,0x7c00
    37 00007C58 8E D8                                   MOV DS,AX
    38 00007C5A                                 
    39 00007C5A                                 ; 读软盘
    40 00007C5A                                 
    41 00007C5A B8 0820                                 MOV AX,0x0820 ; 数据区的装载地址必须在0x7dff（0x7c00-0x7dff启动区用了）之后
    42 00007C5D 8E C0                                   MOV ES,AX
    43 00007C5F                                         ; 设定寄存器的值=传参
    44 00007C5F B5 00                                   MOV CH,0 ; 柱面0 软盘最外围的一圈
    45 00007C61 B6 00                                   MOV DH,0 ; 磁头0 软盘正面磁头
    46 00007C63 B1 02                                   MOV CL,2 ; 扇区2 一个扇区512字节
    47 00007C65                                 readloop:
    48 00007C65 BE 0000                                 MOV SI,0 ; 加载记录失败次数 避免软盘抽风，偶尔读不了数据
    49 00007C68                                 
    50 00007C68                                 retry:
    51 00007C68 B4 02                                   MOV AH,0x02 ; AH=0x02 读入磁盘
    52 00007C6A B0 01                                   MOV AL,1; 1个扇区
    53 00007C6C BB 0000                                 MOV BX,0
    54 00007C6F B2 00                                   MOV DL,0x00;A驱动器
    55 00007C71 CD 13                                   INT 0x13;调用BIOS磁盘函数
    56 00007C73 73 10                                   JNC next;进位标志为0跳转（成功）next 
    57 00007C75 83 C6 01                                ADD SI,1;SI+1
    58 00007C78 83 FE 05                                CMP SI,5; 比较SI与5
    59 00007C7B 73 32                                   JAE error; SI >= 5，跳转error
    60 00007C7D B4 00                                   MOV AH,0x00
    61 00007C7F B2 00                                   MOV DL,0x00
    62 00007C81 CD 13                                   INT 0x13; 重置驱动器
    63 00007C83 EB E3                                   JMP retry
    64 00007C85                                 next:
    65 00007C85                                 ; 循环读取10个柱面
    66 00007C85                                 ; 一张软盘有80个柱面，每个柱面有18个扇区，一个扇区512字节
    67 00007C85                                 ; 读取下一个扇区要CL（扇区号）+1，ES（读入地址）+0x20（512/16）
    68 00007C85                                 ; 柱面0，磁头0，扇区1读到柱面0，磁头0，扇区18后，
    69 00007C85                                 ; 下一个是（磁盘反面）柱面0，磁头1，扇区1读到柱面0，磁头1，扇区18，
    70 00007C85                                 ; 下一个是（磁盘正面）柱面1，磁头0，扇区1
    71 00007C85                                 ; 然后一直读到柱面9，磁头1，扇区18
    72 00007C85 8C C0                                   MOV AX,ES
    73 00007C87 05 0020                                 ADD AX,0x0020; 内存地址后移0x20
    74 00007C8A 8E C0                                   MOV ES,AX ; 因为没有ADD ES,0x20指令，所以这里绕个弯 
    75 00007C8C 80 C1 01                                ADD CL,1
    76 00007C8F 80 F9 12                                CMP CL,18
    77 00007C92 76 D1                                   JBE readloop ; 如果CL<=18跳转
    78 00007C94 B1 01                                   MOV CL,1 ;扇区
    79 00007C96 80 C6 01                                ADD DH,1 ;磁头
    80 00007C99 80 FE 02                                CMP DH,2
    81 00007C9C 72 C7                                   JB readloop;DH<2跳转
    82 00007C9E B6 00                                   MOV DH,0
    83 00007CA0 80 C5 01                                ADD CH,1
    84 00007CA3 80 FD 0A                                CMP CH,CYLS;CH<CYLS
    85 00007CA6 72 BD                                   JB readloop
    86 00007CA8                                 ;运行haribote.sys
    87 00007CA8 88 2E 0FF0                              MOV [0x0ff0],CH;记下IPL读到了什么程度
    88 00007CAC E9 4551                                 JMP 0xc200
    89 00007CAF                                 error:
    90 00007CAF BE 7CC7                                 MOV SI,msg
    91 00007CB2                                 putloop:
    92 00007CB2 8A 04                                   MOV AL,[SI]
    93 00007CB4 83 C6 01                                ADD SI,1 ;SI加1
    94 00007CB7 3C 00                                   CMP AL,0
    95 00007CB9 74 09                                   JE fin
    96 00007CBB B4 0E                                   MOV AH,0x0e ; 显示一个文字
    97 00007CBD BB 000F                                 MOV BX,15 ; 字符颜色
    98 00007CC0 CD 10                                   INT 0x10; 调用显卡bios
    99 00007CC2 EB EE                                   JMP putloop
   100 00007CC4                                 fin:
   101 00007CC4 F4                                      HLT ;让cpu停止，等待指令
   102 00007CC5 EB FD                                   JMP fin; 无限循环
   103 00007CC7                                 
   104 00007CC7                                 msg:
   105 00007CC7 0A 0A                                   DB 0x0a,0x0a;换行2次
   106 00007CC9 6C 6F 61 64 20 65 72 72 6F 72           DB "load error"
   107 00007CD3 0A                                      DB 0x0a
   108 00007CD4 00                                      DB 0
   109 00007CD5                                         ;RESB 0x7dfe-$
   110 00007CD5 00 00 00 00 00 00 00 00 00 00           RESB 0x1fe-($-$$);用0x00填满0x7dfe的命令	
       00007CDF 00 00 00 00 00 00 00 00 00 00 
       00007CE9 00 00 00 00 00 00 00 00 00 00 
       00007CF3 00 00 00 00 00 00 00 00 00 00 
       00007CFD 00 00 00 00 00 00 00 00 00 00 
       00007D07 00 00 00 00 00 00 00 00 00 00 
       00007D11 00 00 00 00 00 00 00 00 00 00 
       00007D1B 00 00 00 00 00 00 00 00 00 00 
       00007D25 00 00 00 00 00 00 00 00 00 00 
       00007D2F 00 00 00 00 00 00 00 00 00 00 
       00007D39 00 00 00 00 00 00 00 00 00 00 
       00007D43 00 00 00 00 00 00 00 00 00 00 
       00007D4D 00 00 00 00 00 00 00 00 00 00 
       00007D57 00 00 00 00 00 00 00 00 00 00 
       00007D61 00 00 00 00 00 00 00 00 00 00 
       00007D6B 00 00 00 00 00 00 00 00 00 00 
       00007D75 00 00 00 00 00 00 00 00 00 00 
       00007D7F 00 00 00 00 00 00 00 00 00 00 
       00007D89 00 00 00 00 00 00 00 00 00 00 
       00007D93 00 00 00 00 00 00 00 00 00 00 
       00007D9D 00 00 00 00 00 00 00 00 00 00 
       00007DA7 00 00 00 00 00 00 00 00 00 00 
       00007DB1 00 00 00 00 00 00 00 00 00 00 
       00007DBB 00 00 00 00 00 00 00 00 00 00 
       00007DC5 00 00 00 00 00 00 00 00 00 00 
       00007DCF 00 00 00 00 00 00 00 00 00 00 
       00007DD9 00 00 00 00 00 00 00 00 00 00 
       00007DE3 00 00 00 00 00 00 00 00 00 00 
       00007DED 00 00 00 00 00 00 00 00 00 00 
       00007DF7 00 00 00 00 00 00 00 
   111 00007DFE 55 AA                                   DB 0x55,0xaa